Using bundled DotNet SDK version: 8.0.300 win-x64
Running UnrealBuildTool: dotnet "..\..\Engine\Binaries\DotNET\UnrealBuildTool\UnrealBuildTool.dll" OGBrawlerUnrealEditor Win64 Development -project=C:/dev/og-brawler-unreal/OGBrawlerUnreal.uproject
Log file: C:\dev\UnrealEngine\Engine\Programs\UnrealBuildTool\Log.txt
Using 'git status' to determine working set for adaptive non-unity build (C:\dev\UnrealEngine).
Using 'git status' to determine working set for adaptive non-unity build (C:\dev\og-brawler-unreal).
Waiting for 'git status' command to complete
Building OGBrawlerUnrealEditor...
Using Visual Studio 2022 14.38.33145 toolchain (C:\Program Files\Microsoft Visual Studio\2022\Community\VC\Tools\MSVC\14.38.33130) and Windows 10.0.22621.0 SDK (C:\Program Files (x86)\Windows Kits\10).
[Upgrade]
[Upgrade] Using backward-compatible build settings. The latest version of UE sets the following values by default, which may require code changes:
[Upgrade]     bValidateFormatStrings = true   => Enables compile-time validation of strings+args passed to UE_LOG. (Previously: false).
[Upgrade] Suppress this message by setting 'DefaultBuildSettings = BuildSettingsVersion.V5;' in OGBrawlerUnrealEditor.Target.cs, and explicitly overriding settings that differ from the new defaults.
[Upgrade]
[Upgrade]
[Upgrade] Using backward-compatible include order. The latest version of UE has changed the order of includes, which may require code changes. The current setting is:
[Upgrade]     IncludeOrderVersion = EngineIncludeOrderVersion.Unreal5_3
[Upgrade] Suppress this message by setting 'IncludeOrderVersion = EngineIncludeOrderVersion.Unreal5_6;' in OGBrawlerUnrealEditor.Target.cs.
[Upgrade] Alternatively you can set this to 'EngineIncludeOrderVersion.Latest' to always use the latest include order. This will potentially cause compile errors when integrating new versions of the engine.
[Upgrade]
[Adaptive Build] Excluded from OGBrawlerUnreal unity file: SimmableUpdateComponent.cpp, SimulationManagerUImpl.cpp
[Adaptive Build] Excluded from OGSimulationUnreal unity file: ISimulationConnectionRelayListener.cpp, SimulationConnectionRelay.cpp
[Adaptive Build] Excluded from Chaos unity file: ChaosMarshallingManager.cpp
Determining max actions to execute in parallel (12 physical cores, 24 logical cores)
  Executing up to 12 processes, one per physical core
Using Unreal Build Accelerator local executor to run 21 action(s)
  Storage capacity 40Gb
---- Starting trace: 260803_192242 ----
UbaServer - Listening on 0.0.0.0:1345
------ Building 21 action(s) started ------
[1/21] Compile [x64] Module.OGSimulation.cpp
C:\dev\og-brawler-unreal\Plugins\OGSimulation\Source\OGSimulation\og-simulation\OGSimulation\DPID.cpp(17,4): warning C5038: data member 'DPIDSettings::m_d' will be initialized after data member 'DPIDSettings::m_maxAdjustment'
	, m_d(d)
	  ^
[2/21] Link [x64] UnrealEditor-OGSimulation.lib
[3/21] Link [x64] UnrealEditor-OGSimulation.dll
[4/21] Compile [x64] Module.OGSimulationUnreal.gen.cpp
[5/21] Link [x64] UnrealEditor-OGSimulationUnreal.lib
[6/21] Link [x64] UnrealEditor-OGSimulationUnreal.dll
[7/21] Compile [x64] OGBrawlerUEGameMode.cpp
[8/21] Compile [x64] SimmableUpdateComponentConceptTest.cpp
[9/21] Compile [x64] SharedIsometricCameraActor.cpp
[10/21] Compile [x64] OGBrawlerPlayerCameraManager.cpp
[11/21] Compile [x64] SimulationManagerSubsystem.cpp
[12/21] Compile [x64] OGBrawlerUECharacter.cpp
C:\dev\og-brawler-unreal\Source\OGBrawlerUnreal\OGBrawlerUECharacter.cpp(47,4): warning C5038: data member 'AOGBrawlerUECharacter::m_attackTimer' will be initialized after data member 'AOGBrawlerUECharacter::m_attackSegments'
	: m_attackTimer(0.f)
	  ^
C:\dev\og-brawler-unreal\Source\OGBrawlerUnreal\OGBrawlerUECharacter.cpp(51,4): warning C5038: data member 'AOGBrawlerUECharacter::m_currentAttackAngle' will be initialized after data member 'AOGBrawlerUECharacter::m_offsetWithSegmentHalf'
	, m_currentAttackAngle(0.f)
	  ^
C:\dev\og-brawler-unreal\Source\OGBrawlerUnreal\OGBrawlerUECharacter.cpp(119,6): warning C4996: 'AActor::NetUpdateFrequency': Public access to NetUpdateFrequency has been deprecated. Use SetNetUpdateFrequency() and GetNetUpdateFrequency() instead. - Please update your code to the new API before upgrading to the next release, otherwise your project will no longer compile.
	this->NetUpdateFrequency = 60.0f; // Higher = more updates per second
	    ^
C:\dev\og-brawler-unreal\Source\OGBrawlerUnreal\OGBrawlerUECharacter.cpp(120,6): warning C4996: 'AActor::MinNetUpdateFrequency': Public access MinNetUpdateFrequency has been deprecated. Use SetMinNetUpdateFrequency() and GetMinNetUpdateFrequency() instead. - Please update your code to the new API before upgrading to the next release, otherwise your project will no longer compile.
	this->MinNetUpdateFrequency = 60.0f;
	    ^
C:\dev\og-brawler-unreal\Source\OGBrawlerUnreal\OGBrawlerUECharacter.cpp(124,6): warning C4996: 'AActor::NetCullDistanceSquared': Public access to NetCullDistanceSquared has been deprecated. Use SetNetCullDistanceSquared() and GetNetCullDistanceSquared() instead. - Please update your code to the new API before upgrading to the next release, otherwise your project will no longer compile.
	this->NetCullDistanceSquared = 10000.f* 10000.f; // Distance at which the character is culled from the network updates
	    ^
[13/21] Compile [x64] OGBrawlerPlayerController.cpp
[14/21] Compile [x64] Module.OGBrawlerUnreal.gen.cpp
[15/21] Compile [x64] OGBrawlerInputCollectionComponent.cpp
[16/21] Compile [x64] SimmableUpdateComponent.cpp
[17/21] Compile [x64] SimulationManagerUImpl.cpp
[18/21] Compile [x64] SimulationManagerUImplConceptTest.cpp
[19/21] Link [x64] UnrealEditor-OGBrawlerUnreal.lib
[20/21] Link [x64] UnrealEditor-OGBrawlerUnreal.dll
[21/21] WriteMetadata OGBrawlerUnrealEditor.target (UBA disabled)
Trace written to file C:/dev/UnrealEngine/Engine/Programs/UnrealBuildTool/Log.uba with size 9.7kb
Total time in Unreal Build Accelerator local executor: 34.33 seconds

Result: Succeeded
Total execution time: 37.76 seconds
